[C:/Users/pc/Desktop/Satılacak olan Bot Sitesi/backblue.gif]
[C:/Users/pc/Desktop/Satılacak olan Bot Sitesi/fade.gif]
[C:/Users/pc/Desktop/Satılacak olan Bot Sitesi/index.html]
[C:/Users/pc/Desktop/Satılacak olan Bot Sitesi/cdn.discordapp.com/attachments/799294597754781716/799294622252924958/botpp.png]
[C:/Users/pc/Desktop/Satılacak olan Bot Sitesi/cdnjs.cloudflare.com/ajax/libs/animate.css/3.5.2/animate.min.css]
[C:/Users/pc/Desktop/Satılacak olan Bot Sitesi/ernbot.glitch.me/assets/img/superthumb.png]
[C:/Users/pc/Desktop/Satılacak olan Bot Sitesi/cdn.discordapp.com/icons/760576043412750356/a_bf1c14258d70724b6db97c6a07c927321c62.gif]
[C:/Users/pc/Desktop/Satılacak olan Bot Sitesi/cdn.discordapp.com/avatars/311184536379719680/a_f818079fc92f5a76eb8d1dbbb65fdf761c62.gif]
[C:/Users/pc/Desktop/Satılacak olan Bot Sitesi/ernbot.glitch.me/assets/js/jquery.min.js]
[C:/Users/pc/Desktop/Satılacak olan Bot Sitesi/ernbot.glitch.me/assets/bootstrap/js/bootstrap.min.js]
[C:/Users/pc/Desktop/Satılacak olan Bot Sitesi/ernbot.glitch.me/assets/js/Counting.js]
[C:/Users/pc/Desktop/Satılacak olan Bot Sitesi/ernbot.glitch.me/assets/js/untitled.js]
[C:/Users/pc/Desktop/Satılacak olan Bot Sitesi/ernbot.glitch.me/index.html]
[C:/Users/pc/Desktop/Satılacak olan Bot Sitesi/ernbot.glitch.me/assets/bootstrap/css/bootstrap.min.css]
[C:/Users/pc/Desktop/Satılacak olan Bot Sitesi/ernbot.glitch.me/assets/fonts/fontawesome-webfont3e6e.eot]
[C:/Users/pc/Desktop/Satılacak olan Bot Sitesi/ernbot.glitch.me/assets/fonts/fontawesome-webfontd41d.eot]
[C:/Users/pc/Desktop/Satılacak olan Bot Sitesi/ernbot.glitch.me/assets/fonts/fontawesome-webfont3e6e.woff2]
[C:/Users/pc/Desktop/Satılacak olan Bot Sitesi/ernbot.glitch.me/assets/fonts/fontawesome-webfont3e6e.woff]
[C:/Users/pc/Desktop/Satılacak olan Bot Sitesi/ernbot.glitch.me/assets/fonts/fontawesome-webfont3e6e.ttf]
[C:/Users/pc/Desktop/Satılacak olan Bot Sitesi/ernbot.glitch.me/assets/fonts/font-awesome.min.css]
[C:/Users/pc/Desktop/Satılacak olan Bot Sitesi/ernbot.glitch.me/assets/fonts/ionicons28b5.eot]
[C:/Users/pc/Desktop/Satılacak olan Bot Sitesi/ernbot.glitch.me/assets/fonts/ionicons28b5.ttf]
[C:/Users/pc/Desktop/Satılacak olan Bot Sitesi/ernbot.glitch.me/assets/fonts/ionicons28b5.woff]
[C:/Users/pc/Desktop/Satılacak olan Bot Sitesi/ernbot.glitch.me/assets/fonts/ionicons.min.css]
[C:/Users/pc/Desktop/Satılacak olan Bot Sitesi/cdnjs.cloudflare.com/ajax/libs/animate.css/3.5.2/animate.min.css]
[C:/Users/pc/Desktop/Satılacak olan Bot Sitesi/ernbot.glitch.me/assets/css/styles.css]
[C:/Users/pc/Desktop/Satılacak olan Bot Sitesi/ernbot.glitch.me/assets/fonts/fontawesome-webfont3e6e.svg]
[C:/Users/pc/Desktop/Satılacak olan Bot Sitesi/ernbot.glitch.me/assets/fonts/ionicons28b5.svg]
